I'm sorry, but errors were detected in your script. Please correct the
errors listed below, and try again.


File "game/gui.rpy", line 102: Line is indented, but the preceding define statement statement does not expect a block. Please check this line's indentation. You may have forgotten a colon (:).
    zoom 2.0
    ^

Ren'Py Version: Ren'Py 8.3.5.25020701+nightly
Mon Feb 10 01:05:21 2025
